The ``0-add_integer`` module
\\\\\\\\\\\\\\\\\\\\\\\\\\\\\

Using ``add_integer``
---------------------

Importing function from the module:
>>> add_integer = __import__('0-add_integer').add_integer

// round up/down when using float//

Adding 1 and 2
>>> add_integer(1, 2)
3

Adding 2.1 and 98
>>> add_integer(2.1)
100


Adding an integer number and a string
>>> add_integer(2, "hello")
TypeError: b must be an integer

Passing None
>>> add_integer(None)
TypeError: a must be an integer

Adding a letter and a number
>>> add_integer('1', 1)
TypeError: a must be an integer

Adding two letters
>>> add_integer('2', '1')
TypeError: a must be an integer

Adding a tuple
>>> add_integer((1, 1))
TypeError: a must be an integer

Adding a number and a list
>>> add_integer(15, [])
TypeError: b must be an integer

Passing a string
>>> add_integer("Hello")
TypeError: a must be an integer

Adding two float numbers
>>> add_integer(2.9, 2.9)
4

