The ``3-say_my_name`` module
\\\\\\\\\\\\\\\\\\\\\\\\\\\\\\\\

Using ``say_my_name``
---------------------

Importing function from the module:

>>> say_my_name = __import__('3-say_my_name').say_my_name

Passing first_name and last_name correctly
>>> say_my_name("Betty", "Holberton")
My name is Betty Holberton

Passing first_name and last_name correctly 2
>>> say_my_name("Cee")
My name is Cee 

Passing None as the last_name
>>> say_my_name("John", None)
TypeError: last_name must be a string

Passing None as the first_name
>>> say_my_name(None)
TypeError: first_name must be a string

Passing a number as the first_name
>>> say_my_name(1)
TypeError: first_name must be a string

Passing a number as the last_name
>>> say_my_name("Betty", 0)
TypeError: last_name must be a string

Missing two arguments
>>> say_my_name()
TypeError: say_my_name() missing 1 required positional argument: 'first_name'